// Jest Snapshot v1, https://goo.gl/fbAQLP

exports[`Testing Testcomp Render correctly 1`] = `
<div>
  <!---->
  This is a test
</div>
`;
